I'm sorry, but errors were detected in your script. Please correct the
errors listed below, and try again.


File "game/perfiles.manager.rpy", line 54: Line is indented, but the preceding xalign statement does not expect a block. Please check this line's indentation. You may have forgotten a colon (:).
    button:
    ^

Ren'Py Version: Ren'Py 8.3.4.24120703
Sat Feb  1 16:05:00 2025
